Initializing NUTS using jitter+adapt_diag...
Multiprocess sampling (4 chains in 4 jobs)
NUTS: [alpha, tier_weights, sigma_smooth, z_pgen, theta_conv, theta_gen]
θ-prior κ sweep on the ESTIMATED (contaminated) basis; CI width + coverage:

cell             aT   kappa | alpha_med ci_width cover95
Sampling 4 chains for 1_000 tune and 1_500 draw iterations (4_000 + 6_000 draws total) took 3 seconds.
Initializing NUTS using jitter+adapt_diag...
Multiprocess sampling (4 chains in 4 jobs)
NUTS: [alpha, tier_weights, sigma_smooth, z_pgen, theta_conv, theta_gen]
ident_a0.6       0.6  12    | 0.67[0.58,0.76] 0.18     True   
Sampling 4 chains for 1_000 tune and 1_500 draw iterations (4_000 + 6_000 draws total) took 3 seconds.
Initializing NUTS using jitter+adapt_diag...
Multiprocess sampling (4 chains in 4 jobs)
NUTS: [alpha, tier_weights, sigma_smooth, z_pgen, theta_conv, theta_gen]
ident_a0.6       0.6  20    | 0.66[0.58,0.75] 0.17     True   
Sampling 4 chains for 1_000 tune and 1_500 draw iterations (4_000 + 6_000 draws total) took 3 seconds.
Initializing NUTS using jitter+adapt_diag...
Multiprocess sampling (4 chains in 4 jobs)
NUTS: [alpha, tier_weights, sigma_smooth, z_pgen, theta_conv, theta_gen]
ident_a0.6       0.6  40    | 0.65[0.58,0.73] 0.15     True   

Sampling 4 chains for 1_000 tune and 1_500 draw iterations (4_000 + 6_000 draws total) took 4 seconds.
Initializing NUTS using jitter+adapt_diag...
Multiprocess sampling (4 chains in 4 jobs)
NUTS: [alpha, tier_weights, sigma_smooth, z_pgen, theta_conv, theta_gen]
conf_a0.2        0.2  12    | 0.50[0.27,0.66] 0.39     False  
Sampling 4 chains for 1_000 tune and 1_500 draw iterations (4_000 + 6_000 draws total) took 4 seconds.
Initializing NUTS using jitter+adapt_diag...
Multiprocess sampling (4 chains in 4 jobs)
NUTS: [alpha, tier_weights, sigma_smooth, z_pgen, theta_conv, theta_gen]
conf_a0.2        0.2  20    | 0.33[0.22,0.57] 0.34     False  
Sampling 4 chains for 1_000 tune and 1_500 draw iterations (4_000 + 6_000 draws total) took 4 seconds.
Initializing NUTS using jitter+adapt_diag...
Multiprocess sampling (4 chains in 4 jobs)
NUTS: [alpha, tier_weights, sigma_smooth, z_pgen, theta_conv, theta_gen]
conf_a0.2        0.2  40    | 0.27[0.19,0.34] 0.15     True   

Sampling 4 chains for 1_000 tune and 1_500 draw iterations (4_000 + 6_000 draws total) took 4 seconds.
Initializing NUTS using jitter+adapt_diag...
Multiprocess sampling (4 chains in 4 jobs)
NUTS: [alpha, tier_weights, sigma_smooth, z_pgen, theta_conv, theta_gen]
conf_a0.4        0.4  12    | 0.59[0.46,0.72] 0.26     False  
Sampling 4 chains for 1_000 tune and 1_500 draw iterations (4_000 + 6_000 draws total) took 4 seconds.
Initializing NUTS using jitter+adapt_diag...
Multiprocess sampling (4 chains in 4 jobs)
NUTS: [alpha, tier_weights, sigma_smooth, z_pgen, theta_conv, theta_gen]
conf_a0.4        0.4  20    | 0.54[0.43,0.68] 0.25     False  
Sampling 4 chains for 1_000 tune and 1_500 draw iterations (4_000 + 6_000 draws total) took 3 seconds.
Initializing NUTS using jitter+adapt_diag...
Multiprocess sampling (4 chains in 4 jobs)
NUTS: [alpha, tier_weights, sigma_smooth, z_pgen, theta_conv, theta_gen]
conf_a0.4        0.4  40    | 0.49[0.41,0.59] 0.19     False  

Sampling 4 chains for 1_000 tune and 1_500 draw iterations (4_000 + 6_000 draws total) took 3 seconds.
Initializing NUTS using jitter+adapt_diag...
Multiprocess sampling (4 chains in 4 jobs)
NUTS: [alpha, tier_weights, sigma_smooth, z_pgen, theta_conv, theta_gen]
conf_a0.6        0.6  12    | 0.78[0.67,0.89] 0.21     False  
Sampling 4 chains for 1_000 tune and 1_500 draw iterations (4_000 + 6_000 draws total) took 3 seconds.
Initializing NUTS using jitter+adapt_diag...
Multiprocess sampling (4 chains in 4 jobs)
NUTS: [alpha, tier_weights, sigma_smooth, z_pgen, theta_conv, theta_gen]
conf_a0.6        0.6  20    | 0.76[0.65,0.87] 0.22     False  
Sampling 4 chains for 1_000 tune and 1_500 draw iterations (4_000 + 6_000 draws total) took 3 seconds.
conf_a0.6        0.6  40    | 0.72[0.62,0.83] 0.20     False  

Wrote /home/shawn/Code/inscriptions/runs/2026-06-09-joint-identifiability/outputs/poc-kappa-check.json
